// Jest Snapshot v1, https://goo.gl/fbAQLP

exports[`check render renders correctly 1`] = `
<RCTSafeAreaView
  style={
    [
      {
        "backgroundColor": "#F3F3F3",
      },
      {
        "alignItems": "center",
        "flex": 1,
        "justifyContent": "center",
      },
    ]
  }
>
  <Text
    style={
      {
        "fontSize": 30,
        "marginBottom": 30,
      }
    }
    testID="counter-label"
  >
    0
  </Text>
  <View
    accessibilityState={
      {
        "busy": undefined,
        "checked": undefined,
        "disabled": undefined,
        "expanded": undefined,
        "selected": undefined,
      }
    }
    accessibilityValue={
      {
        "max": undefined,
        "min": undefined,
        "now": undefined,
        "text": undefined,
      }
    }
    accessible={true}
    collapsable={false}
    focusable={true}
    onClick={[Function]}
    onResponderGrant={[Function]}
    onResponderMove={[Function]}
    onResponderRelease={[Function]}
    onResponderTerminate={[Function]}
    onResponderTerminationRequest={[Function]}
    onStartShouldSetResponder={[Function]}
    style={
      {
        "alignItems": "center",
        "backgroundColor": "#ff7675",
        "borderRadius": 20,
        "height": 45,
        "justifyContent": "center",
        "marginBottom": 30,
        "opacity": 1,
        "width": "90%",
      }
    }
    testID="counter-button"
  >
    <Text
      allowFontScaling={false}
      selectable={false}
      style={
        [
          {
            "color": "#dfe6e9",
            "fontSize": 30,
          },
          undefined,
          {
            "fontFamily": "FontAwesome",
            "fontStyle": "normal",
            "fontWeight": "normal",
          },
          {},
        ]
      }
    >
      
    </Text>
  </View>
  <View
    style={
      {
        "alignItems": "center",
        "justifyContent": "center",
        "width": "100%",
      }
    }
    testID="search-component"
  >
    <TextInput
      onChangeText={[Function]}
      style={
        {
          "backgroundColor": "#dfe6e9",
          "borderColor": "#000000",
          "borderRadius": 20,
          "height": 45,
          "marginBottom": 30,
          "paddingHorizontal": 20,
          "width": "90%",
        }
      }
      testID="search-input"
      value=""
    />
    <View
      accessibilityState={
        {
          "busy": undefined,
          "checked": undefined,
          "disabled": undefined,
          "expanded": undefined,
          "selected": undefined,
        }
      }
      accessibilityValue={
        {
          "max": undefined,
          "min": undefined,
          "now": undefined,
          "text": undefined,
        }
      }
      accessible={true}
      collapsable={false}
      focusable={true}
      onClick={[Function]}
      onResponderGrant={[Function]}
      onResponderMove={[Function]}
      onResponderRelease={[Function]}
      onResponderTerminate={[Function]}
      onResponderTerminationRequest={[Function]}
      onStartShouldSetResponder={[Function]}
      style={
        {
          "alignItems": "center",
          "backgroundColor": "#0984e3",
          "borderRadius": 20,
          "height": 45,
          "justifyContent": "center",
          "marginBottom": 30,
          "opacity": 1,
          "width": "90%",
        }
      }
      testID="search-button"
    >
      <Text
        allowFontScaling={false}
        selectable={false}
        style={
          [
            {
              "color": "#dfe6e9",
              "fontSize": 30,
            },
            undefined,
            {
              "fontFamily": "FontAwesome",
              "fontStyle": "normal",
              "fontWeight": "normal",
            },
            {},
          ]
        }
      >
        
      </Text>
    </View>
  </View>
</RCTSafeAreaView>
`;
